// Jest Snapshot v1, https://goo.gl/fbAQLP

exports[`matches snapshot with props and children 1`] = `
<DocumentFragment>
  <rect
    class="sc-bdVaJa bELJdd"
  />
</DocumentFragment>
`;
