// Jest Snapshot v1, https://goo.gl/fbAQLP

exports[`matches snapshot with props 1`] = `
<DocumentFragment>
  <circle
    class="sc-bdVaJa iGYVAK"
    stroke="blue"
  />
</DocumentFragment>
`;
