// Jest Snapshot v1, https://goo.gl/fbAQLP

exports[`matches snapshot with props and children 1`] = `
<DocumentFragment>
  <polygon
    fill="blue"
    points="50,50 100,200 0,200"
    stroke="purple"
    stroke-width="1"
  />
</DocumentFragment>
`;
