// Jest Snapshot v1, https://goo.gl/fbAQLP

exports[`matches snapshot 1`] = `
<styled.i
  className="fas fa-arrows fa-2x"
  disabled={true}
  style={
    Object {
      "color": "orange",
      "opacity": 0.5,
    }
  }
/>
`;
