// Jest Snapshot v1, https://goo.gl/fbAQLP

exports[`matches snapshot 1`] = `
<DocumentFragment>
  <div
    class="sc-bdVaJa DtitT"
    color="#52A081"
  />
</DocumentFragment>
`;
