// Jest Snapshot v1, https://goo.gl/fbAQLP

exports[`matches snapshot with props and children 1`] = `
<DocumentFragment>
  <rect
    fill="none"
    height="200"
    stroke="purple"
    stroke-width="6"
    width="200"
    x="0"
    y="0"
  />
</DocumentFragment>
`;
