// Jest Snapshot v1, https://goo.gl/fbAQLP

exports[`matches snapshot with props and children 1`] = `
<DocumentFragment>
  <div
    class="sc-bdVaJa dQSUxY"
  >
    <p>
      I'm a p tag with a caption!
    </p>
    <p
      class="sc-bwzfXH kBfqmQ"
    >
      I'm a caption!
    </p>
  </div>
</DocumentFragment>
`;
